[0m03:30:20.730309 [debug] [MainThread]: Sending event: {'category': 'dbt', 'action': 'invocation', 'label': 'start', 'context': [<snowplow_tracker.self_describing_json.SelfDescribingJson object at 0x7640ff269490>, <snowplow_tracker.self_describing_json.SelfDescribingJson object at 0x7640fce87390>, <snowplow_tracker.self_describing_json.SelfDescribingJson object at 0x7640fc31d990>]}


============================== 03:30:20.733298 | c4b184a0-687a-4909-a0d9-cc48d1494e01 ==============================
[0m03:30:20.733298 [info ] [MainThread]: Running with dbt=1.11.7
[0m03:30:20.734106 [debug] [MainThread]: running dbt with arguments {'debug': 'False', 'indirect_selection': 'eager', 'invocation_command': 'dbt deps', 'fail_fast': 'False', 'warn_error': 'None', 'log_format': 'default', 'printer_width': '80', 'profiles_dir': '/usr/app/dbt', 'quiet': 'False', 'cache_selected_only': 'False', 'target_path': 'None', 'version_check': 'True', 'send_anonymous_usage_stats': 'True', 'empty': 'None', 'introspect': 'True', 'partial_parse': 'True', 'warn_error_options': 'WarnErrorOptionsV2(error=[], warn=[], silence=[])', 'static_parser': 'True', 'use_experimental_parser': 'False', 'log_cache_events': 'False', 'log_path': '/usr/app/dbt/logs', 'use_colors': 'True', 'write_json': 'True', 'no_print': 'None'}
[0m03:30:20.915196 [debug] [MainThread]: Sending event: {'category': 'dbt', 'action': 'project_id', 'label': 'c4b184a0-687a-4909-a0d9-cc48d1494e01', 'context': [<snowplow_tracker.self_describing_json.SelfDescribingJson object at 0x7640feebb510>]}
[0m03:30:20.940288 [debug] [MainThread]: Set downloads directory='/tmp/dbt-downloads-nfon5g2o'
[0m03:30:20.940806 [debug] [MainThread]: Making package index registry request: GET https://hub.getdbt.com/api/v1/index.json
[0m03:30:21.109220 [debug] [MainThread]: Response from registry index: GET https://hub.getdbt.com/api/v1/index.json 200
[0m03:30:21.110631 [debug] [MainThread]: Making package registry request: GET https://hub.getdbt.com/api/v1/dbt-labs/dbt_utils.json
[0m03:30:21.313685 [debug] [MainThread]: Response from registry: GET https://hub.getdbt.com/api/v1/dbt-labs/dbt_utils.json 200
[0m03:30:21.318585 [debug] [MainThread]: Making package registry request: GET https://hub.getdbt.com/api/v1/dbt-labs/codegen.json
[0m03:30:21.512616 [debug] [MainThread]: Response from registry: GET https://hub.getdbt.com/api/v1/dbt-labs/codegen.json 200
[0m03:30:21.515525 [info ] [MainThread]: Installing dbt-labs/dbt_utils
[0m03:30:21.666768 [info ] [MainThread]: Installed from version 1.3.3
[0m03:30:21.667836 [info ] [MainThread]: Up to date!
[0m03:30:21.668729 [debug] [MainThread]: Sending event: {'category': 'dbt', 'action': 'package', 'label': 'c4b184a0-687a-4909-a0d9-cc48d1494e01', 'property_': 'install', 'context': [<snowplow_tracker.self_describing_json.SelfDescribingJson object at 0x7640fbf11e90>, <snowplow_tracker.self_describing_json.SelfDescribingJson object at 0x7640fbef4410>]}
[0m03:30:21.669234 [info ] [MainThread]: Installing dbt-labs/codegen
[0m03:30:21.744136 [info ] [MainThread]: Installed from version 0.14.0
[0m03:30:21.744660 [info ] [MainThread]: Up to date!
[0m03:30:21.745144 [debug] [MainThread]: Sending event: {'category': 'dbt', 'action': 'package', 'label': 'c4b184a0-687a-4909-a0d9-cc48d1494e01', 'property_': 'install', 'context': [<snowplow_tracker.self_describing_json.SelfDescribingJson object at 0x7640fcfa1390>, <snowplow_tracker.self_describing_json.SelfDescribingJson object at 0x7640fcfe0c10>]}
[0m03:30:21.748651 [debug] [MainThread]: Resource report: {"command_name": "deps", "command_success": true, "command_wall_clock_time": 1.0783324, "process_in_blocks": "2776", "process_kernel_time": 0.391259, "process_mem_max_rss": "109480", "process_out_blocks": "3176", "process_user_time": 1.677807}
[0m03:30:21.749529 [debug] [MainThread]: Command `dbt deps` succeeded at 03:30:21.749354 after 1.08 seconds
[0m03:30:21.750359 [debug] [MainThread]: Sending event: {'category': 'dbt', 'action': 'invocation', 'label': 'end', 'context': [<snowplow_tracker.self_describing_json.SelfDescribingJson object at 0x7640fc193e50>, <snowplow_tracker.self_describing_json.SelfDescribingJson object at 0x7640fc321190>, <snowplow_tracker.self_describing_json.SelfDescribingJson object at 0x7640fc17fe90>]}
[0m03:30:21.751015 [debug] [MainThread]: Flushing usage events
[0m03:30:21.871375 [debug] [MainThread]: An error was encountered while trying to flush usage events
[0m03:30:24.452551 [debug] [MainThread]: Sending event: {'category': 'dbt', 'action': 'invocation', 'label': 'start', 'context': [<snowplow_tracker.self_describing_json.SelfDescribingJson object at 0x740d78e809d0>, <snowplow_tracker.self_describing_json.SelfDescribingJson object at 0x740d7bc84510>, <snowplow_tracker.self_describing_json.SelfDescribingJson object at 0x740d79cbba10>]}


============================== 03:30:24.457871 | e5161d3a-5df2-4427-8cb2-748d41c1dcac ==============================
[0m03:30:24.457871 [info ] [MainThread]: Running with dbt=1.11.7
[0m03:30:24.458687 [debug] [MainThread]: running dbt with arguments {'profiles_dir': '/usr/app/dbt', 'cache_selected_only': 'False', 'quiet': 'False', 'target_path': 'None', 'log_cache_events': 'False', 'log_path': '/usr/app/dbt/logs', 'indirect_selection': 'eager', 'use_experimental_parser': 'False', 'empty': 'False', 'invocation_command': 'dbt run', 'version_check': 'True', 'fail_fast': 'False', 'partial_parse': 'True', 'send_anonymous_usage_stats': 'True', 'use_colors': 'True', 'warn_error': 'None', 'static_parser': 'True', 'warn_error_options': 'WarnErrorOptionsV2(error=[], warn=[], silence=[])', 'log_format': 'default', 'introspect': 'True', 'debug': 'False', 'write_json': 'True', 'no_print': 'None', 'printer_width': '80'}
[0m03:30:25.055523 [debug] [MainThread]: Sending event: {'category': 'dbt', 'action': 'project_id', 'label': 'e5161d3a-5df2-4427-8cb2-748d41c1dcac', 'context': [<snowplow_tracker.self_describing_json.SelfDescribingJson object at 0x740d78bacf50>]}
[0m03:30:25.128344 [debug] [MainThread]: Sending event: {'category': 'dbt', 'action': 'adapter_info', 'label': 'e5161d3a-5df2-4427-8cb2-748d41c1dcac', 'context': [<snowplow_tracker.self_describing_json.SelfDescribingJson object at 0x740d7b920390>]}
[0m03:30:25.130569 [info ] [MainThread]: Registered adapter: duckdb=1.10.1
[0m03:30:25.294286 [debug] [MainThread]: checksum: b80718358155fc17c3559352095564dd56ada1cc1a1c0ef2e62c857e71583775, vars: {}, profile: , target: , version: 1.11.7
[0m03:30:25.295333 [info ] [MainThread]: Unable to do partial parsing because saved manifest not found. Starting full parse.
[0m03:30:25.296078 [debug] [MainThread]: Sending event: {'category': 'dbt', 'action': 'partial_parser', 'label': 'e5161d3a-5df2-4427-8cb2-748d41c1dcac', 'context': [<snowplow_tracker.self_describing_json.SelfDescribingJson object at 0x740d73b3bb50>]}
[0m03:30:25.413895 [error] [MainThread]: Encountered an error:
Parsing Error
  The schema file at models/dbt_project.yml is invalid because the value of 'models' is not a list
[0m03:30:25.415170 [debug] [MainThread]: Resource report: {"command_name": "run", "command_success": false, "command_wall_clock_time": 1.0499277, "process_in_blocks": "65912", "process_kernel_time": 0.46036, "process_mem_max_rss": "141732", "process_out_blocks": "32", "process_user_time": 1.94999}
[0m03:30:25.415668 [debug] [MainThread]: Command `dbt run` failed at 03:30:25.415563 after 1.05 seconds
[0m03:30:25.416024 [debug] [MainThread]: Sending event: {'category': 'dbt', 'action': 'invocation', 'label': 'end', 'context': [<snowplow_tracker.self_describing_json.SelfDescribingJson object at 0x740d78b4a290>, <snowplow_tracker.self_describing_json.SelfDescribingJson object at 0x740d78ba0690>, <snowplow_tracker.self_describing_json.SelfDescribingJson object at 0x740d73b67310>]}
[0m03:30:25.416384 [debug] [MainThread]: Flushing usage events
[0m03:30:25.523311 [debug] [MainThread]: An error was encountered while trying to flush usage events
